// Jest Snapshot v1, https://goo.gl/fbAQLP

exports[`Backdrop it should render 1`] = `<div />`;
