// Jest Snapshot v1, https://goo.gl/fbAQLP

exports[`Text renders the component 1`] = `
<div>
  <span
    class="css-7kc2ge-Text"
  >
    Text
  </span>
</div>
`;
